[38;2;255;225;120m   ________    ___ _       __   __  _______    ________
[38;2;245;205;90m  / ____/ /   /   | |     / /  / / / /  _/ |  / / ____/
[38;2;230;190;65m / /   / /   / /| | | /| / /  / /_/ // / | | / / __/
[38;2;205;165;40m/ /___/ /___/ ___ | |/ |/ /  / __  // /  | |/ / /___
[38;2;184;134;11m\____/_____/_/  |_|__/|__/  /_/ /_/___/  |___/_____/
[0m
